2026-04-12 01:37:59.313 | opening COM15 at 115200 baud, duration=18.0s
2026-04-12 01:37:59.314 | serial connected
2026-04-12 01:38:00.315 | sent command: reset
2026-04-12 01:38:00.316 | ESP-ROM:esp32s3-20210327
2026-04-12 01:38:00.316 | Build:Mar 27 2021
2026-04-12 01:38:00.318 | rst:0x1 (POWERON),boot:0xb (SPI_FAST_FLASH_BOOT)
2026-04-12 01:38:00.318 | SPIWP:0xee
2026-04-12 01:38:00.319 | mode:DIO, clock div:1
2026-04-12 01:38:00.320 | load:0x3fce2820,len:0x10cc
2026-04-12 01:38:00.320 | load:0x403c8700,len:0xc2c
2026-04-12 01:38:00.321 | load:0x403cb700,len:0x30c0
2026-04-12 01:38:00.322 | entry 0x403c88b8
2026-04-12 01:38:00.322 | 
2026-04-12 01:38:00.322 | App: CAN-Grabber
2026-04-12 01:38:00.323 | Version: 0.0.1
2026-04-12 01:38:00.324 | Build: Apr 12 2026 01:27:12
2026-04-12 01:38:00.325 | PIO Env: esp32s3_debug
2026-04-12 01:38:00.326 | Heap free/internal/largest: 182272 / 182272 / 126964
2026-04-12 01:38:00.327 | PSRAM size/free: 0 / 0
2026-04-12 01:38:00.328 | [serial] Type 'reset' to reboot the device
2026-04-12 01:38:00.330 | [serial] Type 'wifi-debug' to store the default debug STA network
2026-04-12 01:38:00.332 | [serial] Type 'sys-stats' to print system diagnostics
2026-04-12 01:38:00.333 | [rtc] I2C started on SDA=38, SCL=40
2026-04-12 01:38:00.333 | [rtc] RTC_DS1307 detected
2026-04-12 01:38:00.334 | [rtc] Startup epoch from RTC: 1775957888
2026-04-12 01:38:00.336 | [storage] SDIO pins CLK=15 CMD=1 D0=16 D1=42 D2=41 D3=2
2026-04-12 01:38:00.337 | [storage] SD_MMC mounted at 40000 kHz (4-bit)
2026-04-12 01:38:00.673 | [  1089][E][STA.cpp:530] disconnect(): STA disconnect failed! 0x3001: ESP_ERR_WIFI_NOT_INIT
2026-04-12 01:38:00.675 | [net] Init, mode: 0
2026-04-12 01:38:00.687 | [net] Event: 101
2026-04-12 01:38:00.729 | [net] AP start: canlogger-setup
2026-04-12 01:38:00.729 | [net] Event: 110
2026-04-12 01:38:00.734 | [net] STA start
2026-04-12 01:38:00.734 | [net] Event: 130
2026-04-12 01:38:00.734 | [net] AP start event
2026-04-12 01:38:00.739 | [net] AP IP: 192.168.4.1
2026-04-12 01:38:00.740 | [net] STA mode disabled; AP only[net] Event: 131
2026-04-12 01:38:00.745 | [net] AP stop event
2026-04-12 01:38:00.745 | [net] Event: 130
2026-04-12 01:38:00.746 | [net] AP start event
2026-04-12 01:38:00.746 | 
2026-04-12 01:38:00.746 | [net] Started async scan
2026-04-12 01:38:00.818 | [system] summary reason=setup_complete unixMs=1775957888961 uptimeMs=1230 rtc=rtc valid=true available=true running=true
2026-04-12 01:38:00.839 | [system] component=boot samples=2 last=config heap=182272 internal=182272 largest=126964 minHeap=182272 minInternal=182272 minLargest=126964 task=loopTask stackWords=3752 minStackWords=3752 unixMs=0 uptimeMs=266
2026-04-12 01:38:00.856 | [system] component=rtc samples=1 last=init heap=179988 internal=179988 largest=126964 minHeap=179988 minInternal=179988 minLargest=126964 task=loopTask stackWords=3752 minStackWords=3752 unixMs=1775957888011 uptimeMs=280
2026-04-12 01:38:00.878 | [system] component=storage samples=1 last=init heap=119192 internal=119192 largest=65524 minHeap=119192 minInternal=119192 minLargest=65524 task=loopTask stackWords=3752 minStackWords=3752 unixMs=1775957888434 uptimeMs=703
2026-04-12 01:38:00.895 | [system] component=can samples=1 last=init heap=104732 internal=104732 largest=63476 minHeap=104732 minInternal=104732 minLargest=63476 task=loopTask stackWords=3752 minStackWords=3752 unixMs=1775957888439 uptimeMs=708
2026-04-12 01:38:00.917 | [system] component=logging samples=2 last=start heap=90212 internal=90212 largest=49140 minHeap=90212 minInternal=90212 minLargest=49140 task=loopTask stackWords=3752 minStackWords=3752 unixMs=1775957888819 uptimeMs=1088
2026-04-12 01:38:00.934 | [system] component=upload samples=2 last=queue heap=90212 internal=90212 largest=49140 minHeap=90212 minInternal=90212 minLargest=49140 task=loopTask stackWords=3752 minStackWords=3752 unixMs=1775957888820 uptimeMs=1089
2026-04-12 01:38:00.952 | [system] component=net samples=6 last=connect heap=26104 internal=26104 largest=17396 minHeap=25940 minInternal=25940 minLargest=17396 task=loopTask stackWords=3752 minStackWords=2532 unixMs=1775957888893 uptimeMs=1162
2026-04-12 01:38:00.973 | [system] component=rest samples=2 last=start heap=14820 internal=14820 largest=7668 minHeap=14820 minInternal=14820 minLargest=7668 task=loopTask stackWords=3752 minStackWords=3752 unixMs=1775957888960 uptimeMs=1229
2026-04-12 01:38:00.990 | [system] component=web samples=2 last=start heap=14820 internal=14820 largest=7668 minHeap=14820 minInternal=14820 minLargest=7668 task=loopTask stackWords=3752 minStackWords=3752 unixMs=1775957888961 uptimeMs=1230
2026-04-12 01:38:00.996 | [system] task=loopTask samples=15 stackWords=3752 minStackWords=3752
2026-04-12 01:38:01.001 | [system] task=arduino_events samples=4 stackWords=2532 minStackWords=2532
2026-04-12 01:38:03.955 | [net] Event: 102
2026-04-12 01:38:17.547 | log saved to logs\boot_probe_loop_20260412_013759\boot_01.log
